  BattleManager.cpp
E:\Outscal\My_Programming_Practice\My-Programming-Practice\My C++ Programms\My C++ Learning\Learning with Pokemon Game\include\Pokemon\Pokemons\Pikachu.hpp(15,18): error C3668: 'N_Pokemon::N_Pokemons::Pikachu::attack': method with override specifier 'override' did not override any base class methods
  (compiling source file 'Learning%20with%20Pokemon%20Game/src/Battle/BattleManager.cpp')
  
E:\Outscal\My_Programming_Practice\My-Programming-Practice\My C++ Programms\My C++ Learning\Learning with Pokemon Game\include\Pokemon\Pokemons\Charmander.hpp(12,18): error C3668: 'N_Pokemon::N_Pokemons::Charmander::attack': method with override specifier 'override' did not override any base class methods
  (compiling source file 'Learning%20with%20Pokemon%20Game/src/Battle/BattleManager.cpp')
  
  Game.cpp
E:\Outscal\My_Programming_Practice\My-Programming-Practice\My C++ Programms\My C++ Learning\Learning with Pokemon Game\include\Pokemon\Pokemons\Pikachu.hpp(15,18): error C3668: 'N_Pokemon::N_Pokemons::Pikachu::attack': method with override specifier 'override' did not override any base class methods
  (compiling source file 'Learning%20with%20Pokemon%20Game/src/Main/Game.cpp')
  
E:\Outscal\My_Programming_Practice\My-Programming-Practice\My C++ Programms\My C++ Learning\Learning with Pokemon Game\include\Pokemon\Pokemons\Charmander.hpp(12,18): error C3668: 'N_Pokemon::N_Pokemons::Charmander::attack': method with override specifier 'override' did not override any base class methods
  (compiling source file 'Learning%20with%20Pokemon%20Game/src/Main/Game.cpp')
  
E:\Outscal\My_Programming_Practice\My-Programming-Practice\My C++ Programms\My C++ Learning\Learning with Pokemon Game\include\Pokemon\Pokemons\Caterpie.hpp(13,18): error C3668: 'N_Pokemon::N_Pokemons::Caterpie::attack': method with override specifier 'override' did not override any base class methods
  (compiling source file 'Learning%20with%20Pokemon%20Game/src/Main/Game.cpp')
  
E:\Outscal\My_Programming_Practice\My-Programming-Practice\My C++ Programms\My C++ Learning\Learning with Pokemon Game\include\Pokemon\Pokemons\Pidgey.hpp(15,18): error C3668: 'N_Pokemon::N_Pokemons::Pidgey::attack': method with override specifier 'override' did not override any base class methods
  (compiling source file 'Learning%20with%20Pokemon%20Game/src/Main/Game.cpp')
  
E:\Outscal\My_Programming_Practice\My-Programming-Practice\My C++ Programms\My C++ Learning\Learning with Pokemon Game\include\Pokemon\Pokemons\Squirtle.hpp(13,18): error C3668: 'N_Pokemon::N_Pokemons::Squirtle::attack': method with override specifier 'override' did not override any base class methods
  (compiling source file 'Learning%20with%20Pokemon%20Game/src/Main/Game.cpp')
  
E:\Outscal\My_Programming_Practice\My-Programming-Practice\My C++ Programms\My C++ Learning\Learning with Pokemon Game\include\Pokemon\Pokemons\Zubat.hpp(14,18): error C3668: 'N_Pokemon::N_Pokemons::Zubat::attack': method with override specifier 'override' did not override any base class methods
  (compiling source file 'Learning%20with%20Pokemon%20Game/src/Main/Game.cpp')
  
E:\Outscal\My_Programming_Practice\My-Programming-Practice\My C++ Programms\My C++ Learning\Learning with Pokemon Game\src\Main\Game.cpp(30,13): error C2259: 'N_Pokemon::N_Pokemons::Zubat': cannot instantiate abstract class
      E:\Outscal\My_Programming_Practice\My-Programming-Practice\My C++ Programms\My C++ Learning\Learning with Pokemon Game\include\Pokemon\Pokemons\Zubat.hpp(9,15):
      see declaration of 'N_Pokemon::N_Pokemons::Zubat'
      E:\Outscal\My_Programming_Practice\My-Programming-Practice\My C++ Programms\My C++ Learning\Learning with Pokemon Game\src\Main\Game.cpp(30,13):
      due to following members:
      E:\Outscal\My_Programming_Practice\My-Programming-Practice\My C++ Programms\My C++ Learning\Learning with Pokemon Game\src\Main\Game.cpp(30,13):
      'void N_Pokemon::Pokemon::attack(N_Pokemon::Pokemon::Move,N_Pokemon::Pokemon &)': is abstract
      E:\Outscal\My_Programming_Practice\My-Programming-Practice\My C++ Programms\My C++ Learning\Learning with Pokemon Game\include\Pokemon\Pokemon.hpp(70,18):
      see declaration of 'N_Pokemon::Pokemon::attack'
  
E:\Outscal\My_Programming_Practice\My-Programming-Practice\My C++ Programms\My C++ Learning\Learning with Pokemon Game\src\Main\Game.cpp(30,18): error C2259: 'N_Pokemon::N_Pokemons::Zubat': cannot instantiate abstract class
      E:\Outscal\My_Programming_Practice\My-Programming-Practice\My C++ Programms\My C++ Learning\Learning with Pokemon Game\include\Pokemon\Pokemons\Zubat.hpp(9,15):
      see declaration of 'N_Pokemon::N_Pokemons::Zubat'
      E:\Outscal\My_Programming_Practice\My-Programming-Practice\My C++ Programms\My C++ Learning\Learning with Pokemon Game\src\Main\Game.cpp(30,18):
      due to following members:
      E:\Outscal\My_Programming_Practice\My-Programming-Practice\My C++ Programms\My C++ Learning\Learning with Pokemon Game\src\Main\Game.cpp(30,18):
      'void N_Pokemon::Pokemon::attack(N_Pokemon::Pokemon::Move,N_Pokemon::Pokemon &)': is abstract
      E:\Outscal\My_Programming_Practice\My-Programming-Practice\My C++ Programms\My C++ Learning\Learning with Pokemon Game\include\Pokemon\Pokemon.hpp(70,18):
      see declaration of 'N_Pokemon::Pokemon::attack'
  
E:\Outscal\My_Programming_Practice\My-Programming-Practice\My C++ Programms\My C++ Learning\Learning with Pokemon Game\src\Main\Game.cpp(31,13): error C2259: 'N_Pokemon::N_Pokemons::Pidgey': cannot instantiate abstract class
      E:\Outscal\My_Programming_Practice\My-Programming-Practice\My C++ Programms\My C++ Learning\Learning with Pokemon Game\include\Pokemon\Pokemons\Pidgey.hpp(10,15):
      see declaration of 'N_Pokemon::N_Pokemons::Pidgey'
      E:\Outscal\My_Programming_Practice\My-Programming-Practice\My C++ Programms\My C++ Learning\Learning with Pokemon Game\src\Main\Game.cpp(31,13):
      due to following members:
      E:\Outscal\My_Programming_Practice\My-Programming-Practice\My C++ Programms\My C++ Learning\Learning with Pokemon Game\src\Main\Game.cpp(31,13):
      'void N_Pokemon::Pokemon::attack(N_Pokemon::Pokemon::Move,N_Pokemon::Pokemon &)': is abstract
      E:\Outscal\My_Programming_Practice\My-Programming-Practice\My C++ Programms\My C++ Learning\Learning with Pokemon Game\include\Pokemon\Pokemon.hpp(70,18):
      see declaration of 'N_Pokemon::Pokemon::attack'
  
E:\Outscal\My_Programming_Practice\My-Programming-Practice\My C++ Programms\My C++ Learning\Learning with Pokemon Game\src\Main\Game.cpp(31,19): error C2259: 'N_Pokemon::N_Pokemons::Pidgey': cannot instantiate abstract class
      E:\Outscal\My_Programming_Practice\My-Programming-Practice\My C++ Programms\My C++ Learning\Learning with Pokemon Game\include\Pokemon\Pokemons\Pidgey.hpp(10,15):
      see declaration of 'N_Pokemon::N_Pokemons::Pidgey'
      E:\Outscal\My_Programming_Practice\My-Programming-Practice\My C++ Programms\My C++ Learning\Learning with Pokemon Game\src\Main\Game.cpp(31,19):
      due to following members:
      E:\Outscal\My_Programming_Practice\My-Programming-Practice\My C++ Programms\My C++ Learning\Learning with Pokemon Game\src\Main\Game.cpp(31,19):
      'void N_Pokemon::Pokemon::attack(N_Pokemon::Pokemon::Move,N_Pokemon::Pokemon &)': is abstract
      E:\Outscal\My_Programming_Practice\My-Programming-Practice\My C++ Programms\My C++ Learning\Learning with Pokemon Game\include\Pokemon\Pokemon.hpp(70,18):
      see declaration of 'N_Pokemon::Pokemon::attack'
  
E:\Outscal\My_Programming_Practice\My-Programming-Practice\My C++ Programms\My C++ Learning\Learning with Pokemon Game\src\Main\Game.cpp(32,13): error C2259: 'N_Pokemon::N_Pokemons::Caterpie': cannot instantiate abstract class
      E:\Outscal\My_Programming_Practice\My-Programming-Practice\My C++ Programms\My C++ Learning\Learning with Pokemon Game\include\Pokemon\Pokemons\Caterpie.hpp(10,15):
      see declaration of 'N_Pokemon::N_Pokemons::Caterpie'
      E:\Outscal\My_Programming_Practice\My-Programming-Practice\My C++ Programms\My C++ Learning\Learning with Pokemon Game\src\Main\Game.cpp(32,13):
      due to following members:
      E:\Outscal\My_Programming_Practice\My-Programming-Practice\My C++ Programms\My C++ Learning\Learning with Pokemon Game\src\Main\Game.cpp(32,13):
      'void N_Pokemon::Pokemon::attack(N_Pokemon::Pokemon::Move,N_Pokemon::Pokemon &)': is abstract
      E:\Outscal\My_Programming_Practice\My-Programming-Practice\My C++ Programms\My C++ Learning\Learning with Pokemon Game\include\Pokemon\Pokemon.hpp(70,18):
      see declaration of 'N_Pokemon::Pokemon::attack'
  
E:\Outscal\My_Programming_Practice\My-Programming-Practice\My C++ Programms\My C++ Learning\Learning with Pokemon Game\src\Main\Game.cpp(32,21): error C2259: 'N_Pokemon::N_Pokemons::Caterpie': cannot instantiate abstract class
      E:\Outscal\My_Programming_Practice\My-Programming-Practice\My C++ Programms\My C++ Learning\Learning with Pokemon Game\include\Pokemon\Pokemons\Caterpie.hpp(10,15):
      see declaration of 'N_Pokemon::N_Pokemons::Caterpie'
      E:\Outscal\My_Programming_Practice\My-Programming-Practice\My C++ Programms\My C++ Learning\Learning with Pokemon Game\src\Main\Game.cpp(32,21):
      due to following members:
      E:\Outscal\My_Programming_Practice\My-Programming-Practice\My C++ Programms\My C++ Learning\Learning with Pokemon Game\src\Main\Game.cpp(32,21):
      'void N_Pokemon::Pokemon::attack(N_Pokemon::Pokemon::Move,N_Pokemon::Pokemon &)': is abstract
      E:\Outscal\My_Programming_Practice\My-Programming-Practice\My C++ Programms\My C++ Learning\Learning with Pokemon Game\include\Pokemon\Pokemon.hpp(70,18):
      see declaration of 'N_Pokemon::Pokemon::attack'
  
  Main.cpp
E:\Outscal\My_Programming_Practice\My-Programming-Practice\My C++ Programms\My C++ Learning\Learning with Pokemon Game\include\Pokemon\Pokemons\Pikachu.hpp(15,18): error C3668: 'N_Pokemon::N_Pokemons::Pikachu::attack': method with override specifier 'override' did not override any base class methods
  (compiling source file 'Learning%20with%20Pokemon%20Game/src/Main/Main.cpp')
  
E:\Outscal\My_Programming_Practice\My-Programming-Practice\My C++ Programms\My C++ Learning\Learning with Pokemon Game\include\Pokemon\Pokemons\Charmander.hpp(12,18): error C3668: 'N_Pokemon::N_Pokemons::Charmander::attack': method with override specifier 'override' did not override any base class methods
  (compiling source file 'Learning%20with%20Pokemon%20Game/src/Main/Main.cpp')
  
  WildEncounterManager.cpp
E:\Outscal\My_Programming_Practice\My-Programming-Practice\My C++ Programms\My C++ Learning\Learning with Pokemon Game\src\Battle\WildEncounterManager.cpp(8,15): warning C4244: 'argument': conversion from 'time_t' to 'unsigned int', possible loss of data
  Bulbasaur.cpp
E:\Outscal\My_Programming_Practice\My-Programming-Practice\My C++ Programms\My C++ Learning\Learning with Pokemon Game\src\Pokemon\Pokemons\Bulbasaur.cpp(12,68): error C2027: use of undefined type 'N_Pokemon::Pokemon::PokemonType'
      E:\Outscal\My_Programming_Practice\My-Programming-Practice\My C++ Programms\My C++ Learning\Learning with Pokemon Game\include\Pokemon\Pokemon.hpp(19,16):
      see declaration of 'N_Pokemon::Pokemon::PokemonType'
  
E:\Outscal\My_Programming_Practice\My-Programming-Practice\My C++ Programms\My C++ Learning\Learning with Pokemon Game\src\Pokemon\Pokemons\Bulbasaur.cpp(12,68): error C2065: 'Grass': undeclared identifier
E:\Outscal\My_Programming_Practice\My-Programming-Practice\My C++ Programms\My C++ Learning\Learning with Pokemon Game\src\Pokemon\Pokemons\Bulbasaur.cpp(13,18): error C2027: use of undefined type 'N_Pokemon::Pokemon::Move'
      E:\Outscal\My_Programming_Practice\My-Programming-Practice\My C++ Programms\My C++ Learning\Learning with Pokemon Game\include\Pokemon\Pokemon.hpp(18,12):
      see declaration of 'N_Pokemon::Pokemon::Move'
  
E:\Outscal\My_Programming_Practice\My-Programming-Practice\My C++ Programms\My C++ Learning\Learning with Pokemon Game\src\Pokemon\Pokemons\Bulbasaur.cpp(14,17): error C2027: use of undefined type 'N_Pokemon::Pokemon::Move'
      E:\Outscal\My_Programming_Practice\My-Programming-Practice\My C++ Programms\My C++ Learning\Learning with Pokemon Game\include\Pokemon\Pokemon.hpp(18,12):
      see declaration of 'N_Pokemon::Pokemon::Move'
  
E:\Outscal\My_Programming_Practice\My-Programming-Practice\My C++ Programms\My C++ Learning\Learning with Pokemon Game\src\Pokemon\Pokemons\Bulbasaur.cpp(17,25): error C2027: use of undefined type 'N_Pokemon::Pokemon::Move'
      E:\Outscal\My_Programming_Practice\My-Programming-Practice\My C++ Programms\My C++ Learning\Learning with Pokemon Game\include\Pokemon\Pokemon.hpp(18,12):
      see declaration of 'N_Pokemon::Pokemon::Move'
  
E:\Outscal\My_Programming_Practice\My-Programming-Practice\My C++ Programms\My C++ Learning\Learning with Pokemon Game\src\Pokemon\Pokemons\Bulbasaur.cpp(19,22): error C2664: 'void N_Pokemon::Pokemon::attack(N_Pokemon::Pokemon::Move,N_Pokemon::Pokemon &)': cannot convert argument 1 from 'N_Pokemon::Pokemon::Move' to 'N_Pokemon::Pokemon::Move'
      E:\Outscal\My_Programming_Practice\My-Programming-Practice\My C++ Programms\My C++ Learning\Learning with Pokemon Game\src\Pokemon\Pokemons\Bulbasaur.cpp(19,29):
      use of undefined type 'N_Pokemon::Pokemon::Move'
      E:\Outscal\My_Programming_Practice\My-Programming-Practice\My C++ Programms\My C++ Learning\Learning with Pokemon Game\include\Pokemon\Pokemon.hpp(18,12):
      see declaration of 'N_Pokemon::Pokemon::Move'
      E:\Outscal\My_Programming_Practice\My-Programming-Practice\My C++ Programms\My C++ Learning\Learning with Pokemon Game\include\Pokemon\Pokemon.hpp(70,18):
      see declaration of 'N_Pokemon::Pokemon::attack'
      E:\Outscal\My_Programming_Practice\My-Programming-Practice\My C++ Programms\My C++ Learning\Learning with Pokemon Game\src\Pokemon\Pokemons\Bulbasaur.cpp(19,22):
      while trying to match the argument list '(N_Pokemon::Pokemon::Move, N_Pokemon::Pokemon)'
  
E:\Outscal\My_Programming_Practice\My-Programming-Practice\My C++ Programms\My C++ Learning\Learning with Pokemon Game\src\Pokemon\Pokemons\Bulbasaur.cpp(21,17): error C2027: use of undefined type 'N_Pokemon::Pokemon::Move'
      E:\Outscal\My_Programming_Practice\My-Programming-Practice\My C++ Programms\My C++ Learning\Learning with Pokemon Game\include\Pokemon\Pokemon.hpp(18,12):
      see declaration of 'N_Pokemon::Pokemon::Move'
  
E:\Outscal\My_Programming_Practice\My-Programming-Practice\My C++ Programms\My C++ Learning\Learning with Pokemon Game\src\Pokemon\Pokemons\Bulbasaur.cpp(28,30): error C2664: 'void N_Pokemon::Pokemon::attack(N_Pokemon::Pokemon::Move,N_Pokemon::Pokemon &)': cannot convert argument 1 from 'N_Pokemon::Pokemon::Move' to 'N_Pokemon::Pokemon::Move'
      E:\Outscal\My_Programming_Practice\My-Programming-Practice\My C++ Programms\My C++ Learning\Learning with Pokemon Game\src\Pokemon\Pokemons\Bulbasaur.cpp(28,37):
      use of undefined type 'N_Pokemon::Pokemon::Move'
      E:\Outscal\My_Programming_Practice\My-Programming-Practice\My C++ Programms\My C++ Learning\Learning with Pokemon Game\include\Pokemon\Pokemon.hpp(18,12):
      see declaration of 'N_Pokemon::Pokemon::Move'
      E:\Outscal\My_Programming_Practice\My-Programming-Practice\My C++ Programms\My C++ Learning\Learning with Pokemon Game\include\Pokemon\Pokemon.hpp(70,18):
      see declaration of 'N_Pokemon::Pokemon::attack'
      E:\Outscal\My_Programming_Practice\My-Programming-Practice\My C++ Programms\My C++ Learning\Learning with Pokemon Game\src\Pokemon\Pokemons\Bulbasaur.cpp(28,30):
      while trying to match the argument list '(N_Pokemon::Pokemon::Move, N_Pokemon::Pokemon)'
  
E:\Outscal\My_Programming_Practice\My-Programming-Practice\My C++ Programms\My C++ Learning\Learning with Pokemon Game\src\Pokemon\Pokemons\Bulbasaur.cpp(29,68): error C2027: use of undefined type 'N_Pokemon::Pokemon::Move'
      E:\Outscal\My_Programming_Practice\My-Programming-Practice\My C++ Programms\My C++ Learning\Learning with Pokemon Game\include\Pokemon\Pokemon.hpp(18,12):
      see declaration of 'N_Pokemon::Pokemon::Move'
  
E:\Outscal\My_Programming_Practice\My-Programming-Practice\My C++ Programms\My C++ Learning\Learning with Pokemon Game\src\Pokemon\Pokemons\Bulbasaur.cpp(33,29): error C2819: type 'N_Pokemon::Pokemon' does not have an overloaded member 'operator ->'
      E:\Outscal\My_Programming_Practice\My-Programming-Practice\My C++ Programms\My C++ Learning\Learning with Pokemon Game\include\Pokemon\Pokemon.hpp(16,7):
      see declaration of 'N_Pokemon::Pokemon'
      E:\Outscal\My_Programming_Practice\My-Programming-Practice\My C++ Programms\My C++ Learning\Learning with Pokemon Game\src\Pokemon\Pokemons\Bulbasaur.cpp(33,29):
      did you intend to use '.' instead?
  
E:\Outscal\My_Programming_Practice\My-Programming-Practice\My C++ Programms\My C++ Learning\Learning with Pokemon Game\src\Pokemon\Pokemons\Bulbasaur.cpp(33,35): error C2232: '->N_Pokemon::Pokemon::GetName': left operand has 'class' type, use '.'
  Caterpie.cpp
E:\Outscal\My_Programming_Practice\My-Programming-Practice\My C++ Programms\My C++ Learning\Learning with Pokemon Game\include\Pokemon\Pokemons\Caterpie.hpp(13,18): error C3668: 'N_Pokemon::N_Pokemons::Caterpie::attack': method with override specifier 'override' did not override any base class methods
  (compiling source file 'Learning%20with%20Pokemon%20Game/src/Pokemon/Pokemons/Caterpie.cpp')
  
E:\Outscal\My_Programming_Practice\My-Programming-Practice\My C++ Programms\My C++ Learning\Learning with Pokemon Game\src\Pokemon\Pokemons\Caterpie.cpp(11,65): error C2027: use of undefined type 'N_Pokemon::Pokemon::PokemonType'
      E:\Outscal\My_Programming_Practice\My-Programming-Practice\My C++ Programms\My C++ Learning\Learning with Pokemon Game\include\Pokemon\Pokemon.hpp(19,16):
      see declaration of 'N_Pokemon::Pokemon::PokemonType'
  
E:\Outscal\My_Programming_Practice\My-Programming-Practice\My C++ Programms\My C++ Learning\Learning with Pokemon Game\src\Pokemon\Pokemons\Caterpie.cpp(11,65): error C2065: 'Bug': undeclared identifier
  Charmander.cpp
E:\Outscal\My_Programming_Practice\My-Programming-Practice\My C++ Programms\My C++ Learning\Learning with Pokemon Game\include\Pokemon\Pokemons\Charmander.hpp(12,18): error C3668: 'N_Pokemon::N_Pokemons::Charmander::attack': method with override specifier 'override' did not override any base class methods
  (compiling source file 'Learning%20with%20Pokemon%20Game/src/Pokemon/Pokemons/Charmander.cpp')
  
E:\Outscal\My_Programming_Practice\My-Programming-Practice\My C++ Programms\My C++ Learning\Learning with Pokemon Game\src\Pokemon\Pokemons\Charmander.cpp(13,71): error C2027: use of undefined type 'N_Pokemon::Pokemon::PokemonType'
      E:\Outscal\My_Programming_Practice\My-Programming-Practice\My C++ Programms\My C++ Learning\Learning with Pokemon Game\include\Pokemon\Pokemon.hpp(19,16):
      see declaration of 'N_Pokemon::Pokemon::PokemonType'
  
E:\Outscal\My_Programming_Practice\My-Programming-Practice\My C++ Programms\My C++ Learning\Learning with Pokemon Game\src\Pokemon\Pokemons\Charmander.cpp(13,71): error C2065: 'Fire': undeclared identifier
  Pidgey.cpp
E:\Outscal\My_Programming_Practice\My-Programming-Practice\My C++ Programms\My C++ Learning\Learning with Pokemon Game\include\Pokemon\Pokemons\Pidgey.hpp(15,18): error C3668: 'N_Pokemon::N_Pokemons::Pidgey::attack': method with override specifier 'override' did not override any base class methods
  (compiling source file 'Learning%20with%20Pokemon%20Game/src/Pokemon/Pokemons/Pidgey.cpp')
  
E:\Outscal\My_Programming_Practice\My-Programming-Practice\My C++ Programms\My C++ Learning\Learning with Pokemon Game\src\Pokemon\Pokemons\Pidgey.cpp(11,59): error C2027: use of undefined type 'N_Pokemon::Pokemon::PokemonType'
      E:\Outscal\My_Programming_Practice\My-Programming-Practice\My C++ Programms\My C++ Learning\Learning with Pokemon Game\include\Pokemon\Pokemon.hpp(19,16):
      see declaration of 'N_Pokemon::Pokemon::PokemonType'
  
E:\Outscal\My_Programming_Practice\My-Programming-Practice\My C++ Programms\My C++ Learning\Learning with Pokemon Game\src\Pokemon\Pokemons\Pidgey.cpp(11,59): error C2065: 'Normal': undeclared identifier
  Pikachu.cpp
E:\Outscal\My_Programming_Practice\My-Programming-Practice\My C++ Programms\My C++ Learning\Learning with Pokemon Game\include\Pokemon\Pokemons\Pikachu.hpp(15,18): error C3668: 'N_Pokemon::N_Pokemons::Pikachu::attack': method with override specifier 'override' did not override any base class methods
  (compiling source file 'Learning%20with%20Pokemon%20Game/src/Pokemon/Pokemons/Pikachu.cpp')
  
E:\Outscal\My_Programming_Practice\My-Programming-Practice\My C++ Programms\My C++ Learning\Learning with Pokemon Game\src\Pokemon\Pokemons\Pikachu.cpp(13,62): error C2027: use of undefined type 'N_Pokemon::Pokemon::PokemonType'
      E:\Outscal\My_Programming_Practice\My-Programming-Practice\My C++ Programms\My C++ Learning\Learning with Pokemon Game\include\Pokemon\Pokemon.hpp(19,16):
      see declaration of 'N_Pokemon::Pokemon::PokemonType'
  
E:\Outscal\My_Programming_Practice\My-Programming-Practice\My C++ Programms\My C++ Learning\Learning with Pokemon Game\src\Pokemon\Pokemons\Pikachu.cpp(13,62): error C2065: 'Electric': undeclared identifier
  Squirtle.cpp
E:\Outscal\My_Programming_Practice\My-Programming-Practice\My C++ Programms\My C++ Learning\Learning with Pokemon Game\include\Pokemon\Pokemons\Squirtle.hpp(13,18): error C3668: 'N_Pokemon::N_Pokemons::Squirtle::attack': method with override specifier 'override' did not override any base class methods
  (compiling source file 'Learning%20with%20Pokemon%20Game/src/Pokemon/Pokemons/Squirtle.cpp')
  
E:\Outscal\My_Programming_Practice\My-Programming-Practice\My C++ Programms\My C++ Learning\Learning with Pokemon Game\src\Pokemon\Pokemons\Squirtle.cpp(11,65): error C2027: use of undefined type 'N_Pokemon::Pokemon::PokemonType'
      E:\Outscal\My_Programming_Practice\My-Programming-Practice\My C++ Programms\My C++ Learning\Learning with Pokemon Game\include\Pokemon\Pokemon.hpp(19,16):
      see declaration of 'N_Pokemon::Pokemon::PokemonType'
  
E:\Outscal\My_Programming_Practice\My-Programming-Practice\My C++ Programms\My C++ Learning\Learning with Pokemon Game\src\Pokemon\Pokemons\Squirtle.cpp(11,65): error C2065: 'Water': undeclared identifier
  Zubat.cpp
E:\Outscal\My_Programming_Practice\My-Programming-Practice\My C++ Programms\My C++ Learning\Learning with Pokemon Game\include\Pokemon\Pokemons\Zubat.hpp(14,18): error C3668: 'N_Pokemon::N_Pokemons::Zubat::attack': method with override specifier 'override' did not override any base class methods
  (compiling source file 'Learning%20with%20Pokemon%20Game/src/Pokemon/Pokemons/Zubat.cpp')
  
E:\Outscal\My_Programming_Practice\My-Programming-Practice\My C++ Programms\My C++ Learning\Learning with Pokemon Game\src\Pokemon\Pokemons\Zubat.cpp(11,56): error C2027: use of undefined type 'N_Pokemon::Pokemon::PokemonType'
      E:\Outscal\My_Programming_Practice\My-Programming-Practice\My C++ Programms\My C++ Learning\Learning with Pokemon Game\include\Pokemon\Pokemon.hpp(19,16):
      see declaration of 'N_Pokemon::Pokemon::PokemonType'
  
E:\Outscal\My_Programming_Practice\My-Programming-Practice\My C++ Programms\My C++ Learning\Learning with Pokemon Game\src\Pokemon\Pokemons\Zubat.cpp(11,56): error C2065: 'Poison': undeclared identifier
  Player.cpp
E:\Outscal\My_Programming_Practice\My-Programming-Practice\My C++ Programms\My C++ Learning\Learning with Pokemon Game\include\Pokemon\Pokemons\Pikachu.hpp(15,18): error C3668: 'N_Pokemon::N_Pokemons::Pikachu::attack': method with override specifier 'override' did not override any base class methods
  (compiling source file 'Learning%20with%20Pokemon%20Game/src/Character/Player/Player.cpp')
  
E:\Outscal\My_Programming_Practice\My-Programming-Practice\My C++ Programms\My C++ Learning\Learning with Pokemon Game\include\Pokemon\Pokemons\Charmander.hpp(12,18): error C3668: 'N_Pokemon::N_Pokemons::Charmander::attack': method with override specifier 'override' did not override any base class methods
  (compiling source file 'Learning%20with%20Pokemon%20Game/src/Character/Player/Player.cpp')
  
E:\Outscal\My_Programming_Practice\My-Programming-Practice\My C++ Programms\My C++ Learning\Learning with Pokemon Game\include\Pokemon\Pokemons\Caterpie.hpp(13,18): error C3668: 'N_Pokemon::N_Pokemons::Caterpie::attack': method with override specifier 'override' did not override any base class methods
  (compiling source file 'Learning%20with%20Pokemon%20Game/src/Character/Player/Player.cpp')
  
E:\Outscal\My_Programming_Practice\My-Programming-Practice\My C++ Programms\My C++ Learning\Learning with Pokemon Game\include\Pokemon\Pokemons\Pidgey.hpp(15,18): error C3668: 'N_Pokemon::N_Pokemons::Pidgey::attack': method with override specifier 'override' did not override any base class methods
  (compiling source file 'Learning%20with%20Pokemon%20Game/src/Character/Player/Player.cpp')
  
E:\Outscal\My_Programming_Practice\My-Programming-Practice\My C++ Programms\My C++ Learning\Learning with Pokemon Game\include\Pokemon\Pokemons\Squirtle.hpp(13,18): error C3668: 'N_Pokemon::N_Pokemons::Squirtle::attack': method with override specifier 'override' did not override any base class methods
  (compiling source file 'Learning%20with%20Pokemon%20Game/src/Character/Player/Player.cpp')
  
E:\Outscal\My_Programming_Practice\My-Programming-Practice\My C++ Programms\My C++ Learning\Learning with Pokemon Game\include\Pokemon\Pokemons\Zubat.hpp(14,18): error C3668: 'N_Pokemon::N_Pokemons::Zubat::attack': method with override specifier 'override' did not override any base class methods
  (compiling source file 'Learning%20with%20Pokemon%20Game/src/Character/Player/Player.cpp')
  
E:\Outscal\My_Programming_Practice\My-Programming-Practice\My C++ Programms\My C++ Learning\Learning with Pokemon Game\src\Character\Player\Player.cpp(37,29): error C2259: 'N_Pokemon::N_Pokemons::Charmander': cannot instantiate abstract class
      E:\Outscal\My_Programming_Practice\My-Programming-Practice\My C++ Programms\My C++ Learning\Learning with Pokemon Game\include\Pokemon\Pokemons\Charmander.hpp(9,15):
      see declaration of 'N_Pokemon::N_Pokemons::Charmander'
      E:\Outscal\My_Programming_Practice\My-Programming-Practice\My C++ Programms\My C++ Learning\Learning with Pokemon Game\src\Character\Player\Player.cpp(37,29):
      due to following members:
      E:\Outscal\My_Programming_Practice\My-Programming-Practice\My C++ Programms\My C++ Learning\Learning with Pokemon Game\src\Character\Player\Player.cpp(37,29):
      'void N_Pokemon::Pokemon::attack(N_Pokemon::Pokemon::Move,N_Pokemon::Pokemon &)': is abstract
      E:\Outscal\My_Programming_Practice\My-Programming-Practice\My C++ Programms\My C++ Learning\Learning with Pokemon Game\include\Pokemon\Pokemon.hpp(70,18):
      see declaration of 'N_Pokemon::Pokemon::attack'
  
E:\Outscal\My_Programming_Practice\My-Programming-Practice\My C++ Programms\My C++ Learning\Learning with Pokemon Game\src\Character\Player\Player.cpp(37,39): error C2259: 'N_Pokemon::N_Pokemons::Charmander': cannot instantiate abstract class
      E:\Outscal\My_Programming_Practice\My-Programming-Practice\My C++ Programms\My C++ Learning\Learning with Pokemon Game\include\Pokemon\Pokemons\Charmander.hpp(9,15):
      see declaration of 'N_Pokemon::N_Pokemons::Charmander'
      E:\Outscal\My_Programming_Practice\My-Programming-Practice\My C++ Programms\My C++ Learning\Learning with Pokemon Game\src\Character\Player\Player.cpp(37,39):
      due to following members:
      E:\Outscal\My_Programming_Practice\My-Programming-Practice\My C++ Programms\My C++ Learning\Learning with Pokemon Game\src\Character\Player\Player.cpp(37,39):
      'void N_Pokemon::Pokemon::attack(N_Pokemon::Pokemon::Move,N_Pokemon::Pokemon &)': is abstract
      E:\Outscal\My_Programming_Practice\My-Programming-Practice\My C++ Programms\My C++ Learning\Learning with Pokemon Game\include\Pokemon\Pokemon.hpp(70,18):
      see declaration of 'N_Pokemon::Pokemon::attack'
  
E:\Outscal\My_Programming_Practice\My-Programming-Practice\My C++ Programms\My C++ Learning\Learning with Pokemon Game\src\Character\Player\Player.cpp(43,29): error C2259: 'N_Pokemon::N_Pokemons::Squirtle': cannot instantiate abstract class
      E:\Outscal\My_Programming_Practice\My-Programming-Practice\My C++ Programms\My C++ Learning\Learning with Pokemon Game\include\Pokemon\Pokemons\Squirtle.hpp(10,15):
      see declaration of 'N_Pokemon::N_Pokemons::Squirtle'
      E:\Outscal\My_Programming_Practice\My-Programming-Practice\My C++ Programms\My C++ Learning\Learning with Pokemon Game\src\Character\Player\Player.cpp(43,29):
      due to following members:
      E:\Outscal\My_Programming_Practice\My-Programming-Practice\My C++ Programms\My C++ Learning\Learning with Pokemon Game\src\Character\Player\Player.cpp(43,29):
      'void N_Pokemon::Pokemon::attack(N_Pokemon::Pokemon::Move,N_Pokemon::Pokemon &)': is abstract
      E:\Outscal\My_Programming_Practice\My-Programming-Practice\My C++ Programms\My C++ Learning\Learning with Pokemon Game\include\Pokemon\Pokemon.hpp(70,18):
      see declaration of 'N_Pokemon::Pokemon::attack'
  
E:\Outscal\My_Programming_Practice\My-Programming-Practice\My C++ Programms\My C++ Learning\Learning with Pokemon Game\src\Character\Player\Player.cpp(43,37): error C2259: 'N_Pokemon::N_Pokemons::Squirtle': cannot instantiate abstract class
      E:\Outscal\My_Programming_Practice\My-Programming-Practice\My C++ Programms\My C++ Learning\Learning with Pokemon Game\include\Pokemon\Pokemons\Squirtle.hpp(10,15):
      see declaration of 'N_Pokemon::N_Pokemons::Squirtle'
      E:\Outscal\My_Programming_Practice\My-Programming-Practice\My C++ Programms\My C++ Learning\Learning with Pokemon Game\src\Character\Player\Player.cpp(43,37):
      due to following members:
      E:\Outscal\My_Programming_Practice\My-Programming-Practice\My C++ Programms\My C++ Learning\Learning with Pokemon Game\src\Character\Player\Player.cpp(43,37):
      'void N_Pokemon::Pokemon::attack(N_Pokemon::Pokemon::Move,N_Pokemon::Pokemon &)': is abstract
      E:\Outscal\My_Programming_Practice\My-Programming-Practice\My C++ Programms\My C++ Learning\Learning with Pokemon Game\include\Pokemon\Pokemon.hpp(70,18):
      see declaration of 'N_Pokemon::Pokemon::attack'
  
E:\Outscal\My_Programming_Practice\My-Programming-Practice\My C++ Programms\My C++ Learning\Learning with Pokemon Game\src\Character\Player\Player.cpp(46,29): error C2259: 'N_Pokemon::N_Pokemons::Pikachu': cannot instantiate abstract class
      E:\Outscal\My_Programming_Practice\My-Programming-Practice\My C++ Programms\My C++ Learning\Learning with Pokemon Game\include\Pokemon\Pokemons\Pikachu.hpp(10,15):
      see declaration of 'N_Pokemon::N_Pokemons::Pikachu'
      E:\Outscal\My_Programming_Practice\My-Programming-Practice\My C++ Programms\My C++ Learning\Learning with Pokemon Game\src\Character\Player\Player.cpp(46,29):
      due to following members:
      E:\Outscal\My_Programming_Practice\My-Programming-Practice\My C++ Programms\My C++ Learning\Learning with Pokemon Game\src\Character\Player\Player.cpp(46,29):
      'void N_Pokemon::Pokemon::attack(N_Pokemon::Pokemon::Move,N_Pokemon::Pokemon &)': is abstract
      E:\Outscal\My_Programming_Practice\My-Programming-Practice\My C++ Programms\My C++ Learning\Learning with Pokemon Game\include\Pokemon\Pokemon.hpp(70,18):
      see declaration of 'N_Pokemon::Pokemon::attack'
  
E:\Outscal\My_Programming_Practice\My-Programming-Practice\My C++ Programms\My C++ Learning\Learning with Pokemon Game\src\Character\Player\Player.cpp(46,36): error C2259: 'N_Pokemon::N_Pokemons::Pikachu': cannot instantiate abstract class
      E:\Outscal\My_Programming_Practice\My-Programming-Practice\My C++ Programms\My C++ Learning\Learning with Pokemon Game\include\Pokemon\Pokemons\Pikachu.hpp(10,15):
      see declaration of 'N_Pokemon::N_Pokemons::Pikachu'
      E:\Outscal\My_Programming_Practice\My-Programming-Practice\My C++ Programms\My C++ Learning\Learning with Pokemon Game\src\Character\Player\Player.cpp(46,36):
      due to following members:
      E:\Outscal\My_Programming_Practice\My-Programming-Practice\My C++ Programms\My C++ Learning\Learning with Pokemon Game\src\Character\Player\Player.cpp(46,36):
      'void N_Pokemon::Pokemon::attack(N_Pokemon::Pokemon::Move,N_Pokemon::Pokemon &)': is abstract
      E:\Outscal\My_Programming_Practice\My-Programming-Practice\My C++ Programms\My C++ Learning\Learning with Pokemon Game\include\Pokemon\Pokemon.hpp(70,18):
      see declaration of 'N_Pokemon::Pokemon::attack'
  
  Pokemon.cpp
E:\Outscal\My_Programming_Practice\My-Programming-Practice\My C++ Programms\My C++ Learning\Learning with Pokemon Game\src\Pokemon\Pokemon.cpp(10,57): error C2027: use of undefined type 'N_Pokemon::Pokemon::PokemonType'
      E:\Outscal\My_Programming_Practice\My-Programming-Practice\My C++ Programms\My C++ Learning\Learning with Pokemon Game\include\Pokemon\Pokemon.hpp(19,16):
      see declaration of 'N_Pokemon::Pokemon::PokemonType'
  
E:\Outscal\My_Programming_Practice\My-Programming-Practice\My C++ Programms\My C++ Learning\Learning with Pokemon Game\src\Pokemon\Pokemon.cpp(10,57): error C2065: 'Normal': undeclared identifier
E:\Outscal\My_Programming_Practice\My-Programming-Practice\My C++ Programms\My C++ Learning\Learning with Pokemon Game\src\Pokemon\Pokemon.cpp(29,16): error C2027: use of undefined type 'N_Pokemon::Pokemon::Move'
      E:\Outscal\My_Programming_Practice\My-Programming-Practice\My C++ Programms\My C++ Learning\Learning with Pokemon Game\include\Pokemon\Pokemon.hpp(18,12):
      see declaration of 'N_Pokemon::Pokemon::Move'
  
E:\Outscal\My_Programming_Practice\My-Programming-Practice\My C++ Programms\My C++ Learning\Learning with Pokemon Game\src\Pokemon\Pokemon.cpp(31,24): error C2027: use of undefined type 'N_Pokemon::Pokemon::Move'
      E:\Outscal\My_Programming_Practice\My-Programming-Practice\My C++ Programms\My C++ Learning\Learning with Pokemon Game\include\Pokemon\Pokemon.hpp(18,12):
      see declaration of 'N_Pokemon::Pokemon::Move'
  
E:\Outscal\My_Programming_Practice\My-Programming-Practice\My C++ Programms\My C++ Learning\Learning with Pokemon Game\src\Pokemon\Pokemon.cpp(62,10): error C2079: 'selectedMove' uses undefined struct 'N_Pokemon::Pokemon::Move'
E:\Outscal\My_Programming_Practice\My-Programming-Practice\My C++ Programms\My C++ Learning\Learning with Pokemon Game\src\Pokemon\Pokemon.cpp(64,5): error C2664: 'void N_Pokemon::Pokemon::useMove(N_Pokemon::Pokemon::Move,N_Pokemon::Pokemon &)': cannot convert argument 1 from '<error type>' to 'N_Pokemon::Pokemon::Move'
      E:\Outscal\My_Programming_Practice\My-Programming-Practice\My C++ Programms\My C++ Learning\Learning with Pokemon Game\src\Pokemon\Pokemon.cpp(64,13):
      use of undefined type 'N_Pokemon::Pokemon::Move'
      E:\Outscal\My_Programming_Practice\My-Programming-Practice\My C++ Programms\My C++ Learning\Learning with Pokemon Game\include\Pokemon\Pokemon.hpp(18,12):
      see declaration of 'N_Pokemon::Pokemon::Move'
      E:\Outscal\My_Programming_Practice\My-Programming-Practice\My C++ Programms\My C++ Learning\Learning with Pokemon Game\include\Pokemon\Pokemon.hpp(74,10):
      see declaration of 'N_Pokemon::Pokemon::useMove'
      E:\Outscal\My_Programming_Practice\My-Programming-Practice\My C++ Programms\My C++ Learning\Learning with Pokemon Game\src\Pokemon\Pokemon.cpp(64,5):
      while trying to match the argument list '(<error type>, N_Pokemon::Pokemon *)'
  
E:\Outscal\My_Programming_Practice\My-Programming-Practice\My C++ Programms\My C++ Learning\Learning with Pokemon Game\src\Pokemon\Pokemon.cpp(73,41): error C2027: use of undefined type 'N_Pokemon::Pokemon::Move'
      E:\Outscal\My_Programming_Practice\My-Programming-Practice\My C++ Programms\My C++ Learning\Learning with Pokemon Game\include\Pokemon\Pokemon.hpp(18,12):
      see declaration of 'N_Pokemon::Pokemon::Move'
  
E:\Outscal\My_Programming_Practice\My-Programming-Practice\My C++ Programms\My C++ Learning\Learning with Pokemon Game\src\Pokemon\Pokemon.cpp(73,71): error C2027: use of undefined type 'N_Pokemon::Pokemon::Move'
      E:\Outscal\My_Programming_Practice\My-Programming-Practice\My C++ Programms\My C++ Learning\Learning with Pokemon Game\include\Pokemon\Pokemon.hpp(18,12):
      see declaration of 'N_Pokemon::Pokemon::Move'
  
E:\Outscal\My_Programming_Practice\My-Programming-Practice\My C++ Programms\My C++ Learning\Learning with Pokemon Game\src\Pokemon\Pokemon.cpp(93,15): error C2027: use of undefined type 'N_Pokemon::Pokemon::Move'
      E:\Outscal\My_Programming_Practice\My-Programming-Practice\My C++ Programms\My C++ Learning\Learning with Pokemon Game\include\Pokemon\Pokemon.hpp(18,12):
      see declaration of 'N_Pokemon::Pokemon::Move'
  
E:\Outscal\My_Programming_Practice\My-Programming-Practice\My C++ Programms\My C++ Learning\Learning with Pokemon Game\src\Pokemon\Pokemon.cpp(95,33): error C2027: use of undefined type 'N_Pokemon::Pokemon::Move'
      E:\Outscal\My_Programming_Practice\My-Programming-Practice\My C++ Programms\My C++ Learning\Learning with Pokemon Game\include\Pokemon\Pokemon.hpp(18,12):
      see declaration of 'N_Pokemon::Pokemon::Move'
  
E:\Outscal\My_Programming_Practice\My-Programming-Practice\My C++ Programms\My C++ Learning\Learning with Pokemon Game\src\Pokemon\Pokemon.cpp(96,5): error C2664: 'void N_Pokemon::Pokemon::attack(N_Pokemon::Pokemon::Move,N_Pokemon::Pokemon &)': cannot convert argument 1 from 'N_Pokemon::Pokemon::Move' to 'N_Pokemon::Pokemon::Move'
      E:\Outscal\My_Programming_Practice\My-Programming-Practice\My C++ Programms\My C++ Learning\Learning with Pokemon Game\src\Pokemon\Pokemon.cpp(96,12):
      use of undefined type 'N_Pokemon::Pokemon::Move'
      E:\Outscal\My_Programming_Practice\My-Programming-Practice\My C++ Programms\My C++ Learning\Learning with Pokemon Game\include\Pokemon\Pokemon.hpp(18,12):
      see declaration of 'N_Pokemon::Pokemon::Move'
      E:\Outscal\My_Programming_Practice\My-Programming-Practice\My C++ Programms\My C++ Learning\Learning with Pokemon Game\src\Pokemon\Pokemon.cpp(29,16):
      see declaration of 'N_Pokemon::Pokemon::attack'
      E:\Outscal\My_Programming_Practice\My-Programming-Practice\My C++ Programms\My C++ Learning\Learning with Pokemon Game\src\Pokemon\Pokemon.cpp(96,5):
      while trying to match the argument list '(N_Pokemon::Pokemon::Move, N_Pokemon::Pokemon)'
  
  ProfessorOak.cpp
E:\Outscal\My_Programming_Practice\My-Programming-Practice\My C++ Programms\My C++ Learning\Learning with Pokemon Game\include\Pokemon\Pokemons\Pikachu.hpp(15,18): error C3668: 'N_Pokemon::N_Pokemons::Pikachu::attack': method with override specifier 'override' did not override any base class methods
  (compiling source file 'Learning%20with%20Pokemon%20Game/src/Character/ProfessorOak.cpp')
  
E:\Outscal\My_Programming_Practice\My-Programming-Practice\My C++ Programms\My C++ Learning\Learning with Pokemon Game\include\Pokemon\Pokemons\Charmander.hpp(12,18): error C3668: 'N_Pokemon::N_Pokemons::Charmander::attack': method with override specifier 'override' did not override any base class methods
  (compiling source file 'Learning%20with%20Pokemon%20Game/src/Character/ProfessorOak.cpp')
  
  Generating Code...
