e:\outscal\my_programming_practice\my-programming-practice\my c++ programms\my c++ learning\my c++ learning\x64\debug\vc143.pdb
e:\outscal\my_programming_practice\my-programming-practice\my c++ programms\my c++ learning\my c++ learning\x64\debug\vc143.idb
e:\outscal\my_programming_practice\my-programming-practice\my c++ programms\my c++ learning\my c++ learning\x64\debug\utility.obj
e:\outscal\my_programming_practice\my-programming-practice\my c++ programms\my c++ learning\my c++ learning\x64\debug\thegreattypebattle.obj
e:\outscal\my_programming_practice\my-programming-practice\my c++ programms\my c++ learning\my c++ learning\x64\debug\professoroak.obj
e:\outscal\my_programming_practice\my-programming-practice\my c++ programms\my c++ learning\my c++ learning\x64\debug\pokemon.obj
e:\outscal\my_programming_practice\my-programming-practice\my c++ programms\my c++ learning\my c++ learning\x64\debug\player.obj
e:\outscal\my_programming_practice\my-programming-practice\my c++ programms\my c++ learning\my c++ learning\x64\debug\mysteriousroomsadventure.obj
e:\outscal\my_programming_practice\my-programming-practice\my c++ programms\my c++ learning\my c++ learning\x64\debug\mypracticeprogram.obj
e:\outscal\my_programming_practice\my-programming-practice\my c++ programms\my c++ learning\my c++ learning\x64\debug\my c++ learning.obj
e:\outscal\my_programming_practice\my-programming-practice\my c++ programms\my c++ learning\my c++ learning\x64\debug\main.obj
e:\outscal\my_programming_practice\my-programming-practice\my c++ programms\my c++ learning\my c++ learning\x64\debug\creatingclasses&objects.obj
e:\outscal\my_programming_practice\my-programming-practice\my c++ programms\my c++ learning\my c++ learning\x64\debug\common_programming_practice.obj
e:\outscal\my_programming_practice\my-programming-practice\my c++ programms\my c++ learning\my c++ learning\x64\debug\choosepokemonwithenumclass.obj
e:\outscal\my_programming_practice\my-programming-practice\my c++ programms\my c++ learning\my c++ learning\x64\debug\choosepokemonwithenum.obj
e:\outscal\my_programming_practice\my-programming-practice\my c++ programms\my c++ learning\my c++ learning\x64\debug\callbyreferencencallbyvalue.obj
e:\outscal\my_programming_practice\my-programming-practice\my c++ programms\my c++ learning\my c++ learning\x64\debug\vectors.obj
e:\outscal\my_programming_practice\my-programming-practice\my c++ programms\my c++ learning\my c++ learning\x64\debug\wildencountermanager.obj
e:\outscal\my_programming_practice\my-programming-practice\my c++ programms\my c++ learning\my c++ learning\x64\debug\game.obj
e:\outscal\my_programming_practice\my-programming-practice\my c++ programms\my c++ learning\my c++ learning\x64\debug\battlemanager.obj
e:\outscal\my_programming_practice\my-programming-practice\my c++ programms\my c++ learning\my c++ learning\x64\debug\my c++ learning.ilk
e:\outscal\my_programming_practice\my-programming-practice\my c++ programms\my c++ learning\my c++ learning\x64\debug\my c++ learning.tlog\cl.command.1.tlog
e:\outscal\my_programming_practice\my-programming-practice\my c++ programms\my c++ learning\my c++ learning\x64\debug\my c++ learning.tlog\cl.items.tlog
e:\outscal\my_programming_practice\my-programming-practice\my c++ programms\my c++ learning\my c++ learning\x64\debug\my c++ learning.tlog\cl.read.1.tlog
e:\outscal\my_programming_practice\my-programming-practice\my c++ programms\my c++ learning\my c++ learning\x64\debug\my c++ learning.tlog\cl.write.1.tlog
e:\outscal\my_programming_practice\my-programming-practice\my c++ programms\my c++ learning\my c++ learning\x64\debug\my c++ learning.tlog\link-cvtres.read.1.tlog
e:\outscal\my_programming_practice\my-programming-practice\my c++ programms\my c++ learning\my c++ learning\x64\debug\my c++ learning.tlog\link-cvtres.write.1.tlog
e:\outscal\my_programming_practice\my-programming-practice\my c++ programms\my c++ learning\my c++ learning\x64\debug\my c++ learning.tlog\link-rc.read.1.tlog
e:\outscal\my_programming_practice\my-programming-practice\my c++ programms\my c++ learning\my c++ learning\x64\debug\my c++ learning.tlog\link-rc.write.1.tlog
e:\outscal\my_programming_practice\my-programming-practice\my c++ programms\my c++ learning\my c++ learning\x64\debug\my c++ learning.tlog\link.18236-cvtres.read.1.tlog
e:\outscal\my_programming_practice\my-programming-practice\my c++ programms\my c++ learning\my c++ learning\x64\debug\my c++ learning.tlog\link.18236-cvtres.write.1.tlog
e:\outscal\my_programming_practice\my-programming-practice\my c++ programms\my c++ learning\my c++ learning\x64\debug\my c++ learning.tlog\link.18236-rc.read.1.tlog
e:\outscal\my_programming_practice\my-programming-practice\my c++ programms\my c++ learning\my c++ learning\x64\debug\my c++ learning.tlog\link.18236-rc.write.1.tlog
e:\outscal\my_programming_practice\my-programming-practice\my c++ programms\my c++ learning\my c++ learning\x64\debug\my c++ learning.tlog\link.18236.read.1.tlog
e:\outscal\my_programming_practice\my-programming-practice\my c++ programms\my c++ learning\my c++ learning\x64\debug\my c++ learning.tlog\link.18236.read.2.tlog
e:\outscal\my_programming_practice\my-programming-practice\my c++ programms\my c++ learning\my c++ learning\x64\debug\my c++ learning.tlog\link.18236.write.1.tlog
e:\outscal\my_programming_practice\my-programming-practice\my c++ programms\my c++ learning\my c++ learning\x64\debug\my c++ learning.tlog\link.command.1.tlog
e:\outscal\my_programming_practice\my-programming-practice\my c++ programms\my c++ learning\my c++ learning\x64\debug\my c++ learning.tlog\link.read.1.tlog
e:\outscal\my_programming_practice\my-programming-practice\my c++ programms\my c++ learning\my c++ learning\x64\debug\my c++ learning.tlog\link.read.2.tlog
e:\outscal\my_programming_practice\my-programming-practice\my c++ programms\my c++ learning\my c++ learning\x64\debug\my c++ learning.tlog\link.secondary.1.tlog
e:\outscal\my_programming_practice\my-programming-practice\my c++ programms\my c++ learning\my c++ learning\x64\debug\my c++ learning.tlog\link.write.1.tlog
